2026-04-08 14:23:43,208 - DebugCheck - INFO - Checking for the log folder...
2026-04-08 14:26:29,176 - DebugCheck - INFO - Checking for the log folder...
2026-05-16 21:53:27,943 - SpatialEngine - INFO - Loading boundary from: C:\ADE\Works\Muenster_GreenSpace\app\data\munster_shape\stadtteil_(statistischer_bezirk).shp
2026-05-16 21:53:28,098 - SpatialEngine - INFO - Generating hexagons with area 100000 sqm
2026-05-16 21:53:28,165 - SpatialEngine - INFO - Clipping hexagons to study area boundary...
2026-05-16 21:53:28,293 - SpatialEngine - INFO - Successfully created 3219 hexagons matching notebook logic
2026-05-16 21:53:28,294 - DataExtractor - INFO - Extracting population from: C:\ADE\Works\Muenster_GreenSpace\app\data\germany_population.tif
2026-05-16 21:53:28,559 - DataExtractor - ERROR - Population extraction failed: Unable to allocate 715. GiB for an array with shape (1, 470854, 407772) and data type float32
2026-05-16 22:00:08,055 - SpatialEngine - INFO - Loading boundary from: C:\ADE\Works\Muenster_GreenSpace\app\data\munster_shape\stadtteil_(statistischer_bezirk).shp
2026-05-16 22:00:08,093 - SpatialEngine - INFO - Generating hexagons with area 100000 sqm
2026-05-16 22:00:08,158 - SpatialEngine - INFO - Clipping hexagons to study area boundary...
2026-05-16 22:00:08,272 - SpatialEngine - INFO - Successfully created 3219 hexagons matching notebook logic
2026-05-16 22:00:08,273 - DataExtractor - INFO - Extracting population from: C:\ADE\Works\Muenster_GreenSpace\app\data\germany_population.tif
2026-05-16 22:00:08,288 - DataExtractor - INFO - Raster CRS detected: EPSG:4326
2026-05-16 22:00:08,531 - DataExtractor - ERROR - Population extraction failed: Unable to allocate 715. GiB for an array with shape (1, 470854, 407772) and data type float32
2026-05-16 22:04:13,227 - SpatialEngine - INFO - Loading boundary from: C:\ADE\Works\Muenster_GreenSpace\app\data\munster_shape\stadtteil_(statistischer_bezirk).shp
2026-05-16 22:04:13,270 - SpatialEngine - INFO - Generating hexagons with area 100000 sqm
2026-05-16 22:04:13,335 - SpatialEngine - INFO - Clipping hexagons to study area boundary...
2026-05-16 22:04:13,449 - SpatialEngine - INFO - Successfully created 3219 hexagons matching notebook logic
2026-05-16 22:04:13,450 - DataExtractor - INFO - Extracting population from: C:\ADE\Works\Muenster_GreenSpace\app\data\germany_population.tif
2026-05-16 22:04:13,454 - DataExtractor - INFO - Raster CRS detected: EPSG:4326
2026-05-16 22:05:19,934 - DataExtractor - INFO - Success! Total Munster Population extracted: 342,896
2026-05-16 22:05:19,935 - DataExtractor - INFO - Downloading greenery data from OpenStreetMap...
2026-05-16 22:05:53,288 - DataExtractor - INFO - Successfully downloaded 6079 green spae features.
2026-05-16 22:50:11,790 - SpatialEngine - INFO - Loading boundary from: C:\ADE\Works\Muenster_GreenSpace\app\data\munster_shape\stadtteil_(statistischer_bezirk).shp
2026-05-16 22:50:11,827 - SpatialEngine - INFO - Generating hexagons with area 100000 sqm
2026-05-16 22:50:11,892 - SpatialEngine - INFO - Clipping hexagons to study area boundary...
2026-05-16 22:50:12,010 - SpatialEngine - INFO - Successfully created 3219 hexagons matching notebook logic
2026-05-16 22:50:12,012 - DataExtractor - INFO - Extracting population from: C:\ADE\Works\Muenster_GreenSpace\app\data\germany_population.tif
2026-05-16 22:50:12,016 - DataExtractor - INFO - Raster CRS detected: EPSG:4326
2026-05-16 22:50:50,070 - SpatialEngine - INFO - Loading boundary from: C:\ADE\Works\Muenster_GreenSpace\app\data\munster_shape\stadtteil_(statistischer_bezirk).shp
2026-05-16 22:50:50,111 - SpatialEngine - INFO - Generating hexagons with area 100000 sqm
2026-05-16 22:50:50,176 - SpatialEngine - INFO - Clipping hexagons to study area boundary...
2026-05-16 22:50:50,291 - SpatialEngine - INFO - Successfully created 3219 hexagons matching notebook logic
2026-05-16 22:50:50,292 - DataExtractor - INFO - Extracting population from: C:\ADE\Works\Muenster_GreenSpace\app\data\germany_population.tif
2026-05-16 22:50:50,295 - DataExtractor - INFO - Raster CRS detected: EPSG:4326
2026-05-16 22:52:00,745 - DataExtractor - INFO - Success! Total Munster Population extracted: 342,896
2026-05-16 22:52:00,746 - DataExtractor - INFO - Downloading greenery data from OpenStreetMap...
2026-05-16 22:52:01,830 - DataExtractor - INFO - Successfully downloaded 6079 green space features.
2026-05-16 22:52:01,831 - Analytics - INFO - Starting spatial intersection for green equity math...
2026-05-16 22:52:01,833 - Analytics - INFO - Intersecting hexagons with green space polygons...
2026-05-16 22:52:02,425 - Analytics - INFO - Aggregating green areas per hexagon...
2026-05-16 22:52:02,431 - Analytics - ERROR - Analytics computation failed: 'green_area'
2026-05-16 22:55:49,036 - SpatialEngine - INFO - Loading boundary from: C:\ADE\Works\Muenster_GreenSpace\app\data\munster_shape\stadtteil_(statistischer_bezirk).shp
2026-05-16 22:55:49,075 - SpatialEngine - INFO - Generating hexagons with area 100000 sqm
2026-05-16 22:55:49,138 - SpatialEngine - INFO - Clipping hexagons to study area boundary...
2026-05-16 22:55:49,253 - SpatialEngine - INFO - Successfully created 3219 hexagons matching notebook logic
2026-05-16 22:55:49,254 - DataExtractor - INFO - Extracting population from: C:\ADE\Works\Muenster_GreenSpace\app\data\germany_population.tif
2026-05-16 22:55:49,258 - DataExtractor - INFO - Raster CRS detected: EPSG:4326
2026-05-16 22:57:04,111 - DataExtractor - INFO - Success! Total Munster Population extracted: 342,896
2026-05-16 22:57:04,112 - DataExtractor - INFO - Downloading greenery data from OpenStreetMap...
2026-05-16 22:57:05,129 - DataExtractor - INFO - Successfully downloaded 6079 green space features.
2026-05-16 22:57:05,129 - Analytics - INFO - Starting spatial intersection for green equity math...
2026-05-16 22:57:05,131 - Analytics - INFO - Intersecting hexagons with green space polygons...
2026-05-16 22:57:05,659 - Analytics - INFO - Aggregating green areas per hexagon...
2026-05-16 22:57:05,662 - Analytics - INFO - Calculating Green Space per Capita...
2026-05-16 22:57:05,678 - Analytics - INFO - Green equity metrics computed successfully!
2026-05-16 23:15:55,585 - SpatialEngine - INFO - Loading boundary from: C:\ADE\Works\Muenster_GreenSpace\app\data\munster_shape\stadtteil_(statistischer_bezirk).shp
2026-05-16 23:15:55,628 - SpatialEngine - INFO - Generating hexagons with area 100000 sqm
2026-05-16 23:15:55,694 - SpatialEngine - INFO - Clipping hexagons to study area boundary...
2026-05-16 23:15:55,809 - SpatialEngine - INFO - Successfully created 3219 hexagons matching notebook logic
2026-05-16 23:15:55,810 - DataExtractor - INFO - Extracting population from: C:\ADE\Works\Muenster_GreenSpace\app\data\germany_population.tif
2026-05-16 23:15:55,814 - DataExtractor - INFO - Raster CRS detected: EPSG:4326
2026-05-16 23:17:05,324 - DataExtractor - INFO - Success! Total Munster Population extracted: 342,896
2026-05-16 23:17:05,325 - DataExtractor - INFO - Downloading greenery data from OpenStreetMap...
2026-05-16 23:17:06,307 - DataExtractor - INFO - Successfully downloaded 6079 green space features.
2026-05-16 23:17:06,308 - Analytics - INFO - Starting spatial intersection for green equity math...
2026-05-16 23:17:06,309 - Analytics - INFO - Intersecting hexagons with green space polygons...
2026-05-16 23:17:06,892 - Analytics - INFO - Aggregating green areas per hexagon...
2026-05-16 23:17:06,895 - Analytics - INFO - Calculating Green Space per Capita...
2026-05-16 23:17:06,908 - Analytics - INFO - Green equity metrics computed successfully!
2026-05-16 23:17:06,912 - SpatialEngine - INFO - Exporting final results locally to: C:\ADE\Works\Muenster_GreenSpace\app\data\munster_urban_equity_results.gpkg
2026-05-16 23:17:07,043 - SpatialEngine - INFO - Local file export complete!
2026-05-16 23:17:07,043 - SpatialEngine - INFO - Creating connection to munster_greenspace database...
2026-05-16 23:17:07,129 - SpatialEngine - INFO - Pushing 3219 rows to PostGIS table: munster_hex_equity
2026-05-16 23:17:07,432 - SpatialEngine - INFO - Database sync successful!
